C51 COMPILER V9.60.0.0   MAIN                                                              07/17/2020 16:07:55 PAGE 1   


C51 COMPILER V9.60.0.0, COMPILATION OF MODULE MAIN
OBJECT MODULE PLACED IN .\Objects\main.obj
COMPILER INVOKED BY: F:\Keil\C51\BIN\C51.EXE main.c OPTIMIZE(8,SPEED) BROWSE DEBUG OBJECTEXTEND PRINT(.\Listings\main.ls
                    -t) TABS(2) OBJECT(.\Objects\main.obj)

line level    source

   1          #include <reg52.h>
   2          #include <intrins.h>
   3          
   4          
   5          char t = 2;
   6          char dig2[2][5]={
   7          {0xc3,0xdf,0xc3,0xfb,0xc3},//P2 
   8          {0x01,0x06,0x08,0x30,0x40} //P0 
   9          };
  10          void delay(char x); // delay function
  11          void main()
  12          {
  13   1        char i,j;
  14   1        char check=0;
  15   1        while(1)
  16   1        {
  17   2          /*
  18   2          P0 = 0xff;
  19   2          P2 = 0xfe;
  20   2          delay(t);
  21   2          P2 = 0;
  22   2          P0 = 0x80;
  23   2          delay(t);
  24   2          */
  25   2          //display two
  26   2          for(i =0; i<5; i++)
  27   2          {
  28   3            P2 = dig2[0][i];
  29   3            P0 = dig2[1][i];
  30   3            delay(t);
  31   3          }
  32   2          check ++;
  33   2          if(check%10==0)
  34   2          {
  35   3            for(i =0; i<5; i++)
  36   3            {
  37   4              dig2[1][i] = _cror_(dig2[1][i],1);
  38   4            }
  39   3          }
  40   2        
  41   2        
  42   2        }
  43   1      }
*** WARNING C280 IN LINE 13 OF main.c: 'j': unreferenced local variable
  44          
  45          void delay(char x)
  46          {
  47   1        char y;
  48   1        while(x--)
  49   1          for(y = 0; y<120; y++);
  50   1      
  51   1      }


C51 COMPILER V9.60.0.0   MAIN                                                              07/17/2020 16:07:55 PAGE 2   

MODULE INFORMATION:   STATIC OVERLAYABLE
   CODE SIZE        =    142    ----
   CONSTANT SIZE    =   ----    ----
   XDATA SIZE       =   ----    ----
   PDATA SIZE       =   ----    ----
   DATA SIZE        =     11       3
   IDATA SIZE       =   ----    ----
   BIT SIZE         =   ----    ----
END OF MODULE INFORMATION.


C51 COMPILATION COMPLETE.  1 WARNING(S),  0 ERROR(S)
