C51 COMPILER V9.60.0.0   MAIN                                                              07/17/2020 14:34:35 PAGE 1   


C51 COMPILER V9.60.0.0, COMPILATION OF MODULE MAIN
OBJECT MODULE PLACED IN .\Objects\main.obj
COMPILER INVOKED BY: F:\Keil\C51\BIN\C51.EXE main.c OPTIMIZE(8,SPEED) BROWSE DEBUG OBJECTEXTEND PRINT(.\Listings\main.ls
                    -t) TABS(2) OBJECT(.\Objects\main.obj)

line level    source

   1          #include<reg52.h>
   2          #include<intrins.h>
   3          
   4          
   5          void delay(char x); // delay function
   6          void main()
   7          {
   8   1        char port1 = 0xfe;
   9   1        while(1)
  10   1        {
  11   2          P1 = port1;
  12   2          delay(100);
  13   2          port1 = _crol_(port1,1);
  14   2          P1 = port1;
  15   2          delay(100);
  16   2          
  17   2        }
  18   1      }
  19          
  20          void delay(char x)
  21          {
  22   1        char y;
  23   1        while(x--)
  24   1          for(y = 0; y<120; y++);
  25   1      
  26   1      }


MODULE INFORMATION:   STATIC OVERLAYABLE
   CODE SIZE        =     62    ----
   CONSTANT SIZE    =   ----    ----
   XDATA SIZE       =   ----    ----
   PDATA SIZE       =   ----    ----
   DATA SIZE        =   ----       1
   IDATA SIZE       =   ----    ----
   BIT SIZE         =   ----    ----
END OF MODULE INFORMATION.


C51 COMPILATION COMPLETE.  0 WARNING(S),  0 ERROR(S)
