C51 COMPILER V9.60.0.0   DATE_LINE_1_TIME_LINE_2                                           07/19/2020 14:32:21 PAGE 1   


C51 COMPILER V9.60.0.0, COMPILATION OF MODULE DATE_LINE_1_TIME_LINE_2
OBJECT MODULE PLACED IN .\Objects\date_line_1_time_line_2.obj
COMPILER INVOKED BY: F:\Keil\C51\BIN\C51.EXE date_line_1_time_line_2.c OPTIMIZE(8,SPEED) BROWSE DEBUG OBJECTEXTEND PRINT
                    -(.\Listings\date_line_1_time_line_2.lst) TABS(2) OBJECT(.\Objects\date_line_1_time_line_2.obj)

line level    source

   1          #include<reg52.h>
   2          #include<string.h>
   3          
   4          sbit rs = P2^3; // register select
   5          sbit rw = P2^4; // read/write
   6          sbit en = P2^5; // read/write enable
   7          
   8          char seconds = 0;
   9          char minutes = 0;
  10          
  11          char yourdata1[] ={"2020/7/19"};
  12          char yourdata2[] ={"14:12:00 "};
  13            
  14          void lcd_init(); // lcd initialization
  15          void write_com(char com); //write command
  16          void write_data(char _data); // write data
  17          
  18          void delay(char x);// delay function
  19          void main()
  20          {
  21   1        char i;
  22   1        lcd_init();
  23   1        delay(20);
  24   1        
  25   1          //first information
  26   1          //display on line 1
  27   1          write_com(0x80);
  28   1          delay(10);
  29   1          
  30   1          for(i =0; i<strlen(yourdata1); i++)
  31   1          {
  32   2            write_data(yourdata1[i]);
  33   2            delay(10);
  34   2          }
  35   1          //display on line 2
  36   1          write_com(0xc0);
  37   1          delay(10);
  38   1          
  39   1          for(i =0; i<strlen(yourdata2); i++)
  40   1          {
  41   2            write_data(yourdata2[i]);
  42   2            delay(10);
  43   2          }
  44   1        
  45   1        while(1)
  46   1        {
  47   2          delay(10);
  48   2          seconds++;
  49   2          if(seconds>12)
  50   2          {
  51   3            seconds =0;
  52   3            minutes++;
  53   3            write_com(0xc0+3);
  54   3            write_data(minutes/10+48);
C51 COMPILER V9.60.0.0   DATE_LINE_1_TIME_LINE_2                                           07/19/2020 14:32:21 PAGE 2   

  55   3            write_com(0xc0+4);
  56   3            write_data(minutes%10+48);
  57   3          }
  58   2          else
  59   2          {
  60   3            write_com(0xc0+6);
  61   3            write_data(seconds/10+48);
  62   3            write_com(0xc0+7);
  63   3            write_data(seconds%10+48);
  64   3          }
  65   2        }
  66   1      }
  67          
  68          void lcd_init() // lcd initialization
  69          {
  70   1          // prepare the screen ->16*2 cells, 5*7 matrix for each cell
  71   1          write_com(0x38);
  72   1          // turn on display
  73   1          write_com(0x08);
  74   1          // clear the screen
  75   1          write_com(1);
  76   1          // prepare cursor and data pointer
  77   1          write_com(6);
  78   1          // cursor setup
  79   1          write_com(0x0c);
  80   1          
  81   1      }
  82          void write_com(char com) //write command
  83          {
  84   1        rs = 0; rw =0; P0 = com;
  85   1        en = 0;
  86   1        delay(10);
  87   1        en = 1;
  88   1        delay(10);
  89   1        en = 0;
  90   1      }
  91          void write_data(char _data) // write data
  92          {
  93   1        rs = 1;  rw = 0; P0 = _data;
  94   1        en = 0;
  95   1        delay(10);
  96   1        en = 1;
  97   1        delay(10);
  98   1        en = 0;
  99   1        
 100   1      }
 101          
 102          void delay(char x)// delay function
 103          {
 104   1        char y;
 105   1        while(x--)
 106   1          for(y =0; y<120; y++);
 107   1      }


MODULE INFORMATION:   STATIC OVERLAYABLE
   CODE SIZE        =    314    ----
   CONSTANT SIZE    =   ----    ----
   XDATA SIZE       =   ----    ----
   PDATA SIZE       =   ----    ----
   DATA SIZE        =     22       1
   IDATA SIZE       =   ----    ----
C51 COMPILER V9.60.0.0   DATE_LINE_1_TIME_LINE_2                                           07/19/2020 14:32:21 PAGE 3   

   BIT SIZE         =   ----    ----
END OF MODULE INFORMATION.


C51 COMPILATION COMPLETE.  0 WARNING(S),  0 ERROR(S)
