C51 COMPILER V9.60.0.0   TIMER_ISR                                                         07/21/2020 15:26:26 PAGE 1   


C51 COMPILER V9.60.0.0, COMPILATION OF MODULE TIMER_ISR
OBJECT MODULE PLACED IN .\Objects\timer_isr.obj
COMPILER INVOKED BY: F:\Keil\C51\BIN\C51.EXE timer_isr.c OPTIMIZE(8,SPEED) BROWSE DEBUG OBJECTEXTEND PRINT(.\Listings\ti
                    -mer_isr.lst) TABS(2) OBJECT(.\Objects\timer_isr.obj)

line level    source

   1          #include<reg52.h>
   2          
   3          sbit buzzer = P0^7; 
   4          char count = 0;
   5          
   6          void timer0_init(); // timer 0 initialization
   7          
   8          void setup_interr(); // sets up timer 0 interrupt
   9          
  10          void delay(char x);// delay function 
  11            
  12          void main()
  13          {
  14   1        buzzer = 0;
  15   1        timer0_init();
  16   1        setup_interr();
  17   1        while(1)
  18   1        {}  
  19   1      }
  20          
  21          void timer0_init()
  22          {
  23   1        //Set the TMOD register
  24   1        TMOD = 0x01; // timer 0 in timer mode 1
  25   1        //initialize the timer
  26   1        TH0 = (65536-46082)/256;
  27   1        TL0 = (65536-46082)%256;
  28   1        //start the timer
  29   1        TR0 = 1; // start the timer
  30   1      }
  31          
  32          void setup_interr() // sets up timer 0 interrupt
  33          {
  34   1        EA = 1; //allow all CPU interrupts
  35   1        ET0 = 1; // enable timer 0 interrrupt
  36   1      }
  37          void timer_0_ISR() interrupt 1 // interrupt service routine
  38          {
  39   1        // reload timer 0
  40   1        TH0 = (65536-46082)/256;
  41   1        TL0 = (65536-46082)%256;
  42   1        
  43   1        count++; // increament count
  44   1        if(count==20)
  45   1        {
  46   2          //timer 0 has counted upto 1 second
  47   2          count = 0;
  48   2          buzzer = 1;
  49   2          delay(10);
  50   2          buzzer = 0; 
  51   2          
  52   2        }
  53   1      }
  54          void delay(char x)// delay function
C51 COMPILER V9.60.0.0   TIMER_ISR                                                         07/21/2020 15:26:26 PAGE 2   

  55          {
  56   1        char y;
  57   1        while(x--)
  58   1          for(y =0; y<120; y++);
  59   1      }


MODULE INFORMATION:   STATIC OVERLAYABLE
   CODE SIZE        =    144    ----
   CONSTANT SIZE    =   ----    ----
   XDATA SIZE       =   ----    ----
   PDATA SIZE       =   ----    ----
   DATA SIZE        =      1    ----
   IDATA SIZE       =   ----    ----
   BIT SIZE         =   ----    ----
END OF MODULE INFORMATION.


C51 COMPILATION COMPLETE.  0 WARNING(S),  0 ERROR(S)
